
> estate-agent-app@0.0.0 test
> jest

node.exe : PASS src/test/localStorage.test.js
At line:1 char:1
+ & "C:\Program Files\nodejs/node.exe" "C:\Program Files\nodejs/node_mo ...
+ ~~~~~~~~~~~~~~~~~~~~~~~~~~~~~~~~~~~~~~~~~~~~~~~~~~~~~~~~~~~~~~~~~~~~~
    + CategoryInfo          : NotSpecified: (PASS src/test/localStorage.test.js:String) [], Remote 
   Exception
    + FullyQualifiedErrorId : NativeCommandError
 
PASS src/test/searchUtils.test.js
FAIL src/test/securityUtils.test.js
  ÔùÅ Console

    console.error
      Invalid JSON provided: SyntaxError: Expected property name or '}' in JSON at position 1 
(line 1 column 2)
          at JSON.parse (<anonymous>)
          at parse (E:\estate-agent-app\src\utils\securityUtils.js:138:17)
          at Object.<anonymous> (E:\estate-agent-app\src\test\securityUtils.test.js:95:40)
          at Promise.finally.completed 
(E:\estate-agent-app\node_modules\jest-circus\build\jestAdapterInit.js:1557:28)
          at new Promise (<anonymous>)
          at callAsyncCircusFn 
(E:\estate-agent-app\node_modules\jest-circus\build\jestAdapterInit.js:1497:10)
          at _callCircusTest 
(E:\estate-agent-app\node_modules\jest-circus\build\jestAdapterInit.js:1007:40)
          at processTicksAndRejections (node:internal/process/task_queues:105:5)
          at _runTest (E:\estate-agent-app\node_modules\jest-circus\build\jestAdapterInit.js:947:3)
          at E:\estate-agent-app\node_modules\jest-circus\build\jestAdapterInit.js:849:7
          at _runTestsForDescribeBlock 
(E:\estate-agent-app\node_modules\jest-circus\build\jestAdapterInit.js:862:11)
          at _runTestsForDescribeBlock 
(E:\estate-agent-app\node_modules\jest-circus\build\jestAdapterInit.js:857:11)
          at run (E:\estate-agent-app\node_modules\jest-circus\build\jestAdapterInit.js:761:3)
          at runAndTransformResultsToJestFormat 
(E:\estate-agent-app\node_modules\jest-circus\build\jestAdapterInit.js:1918:21)
          at jestAdapter (E:\estate-agent-app\node_modules\jest-circus\build\runner.js:101:19)
          at runTestInternal 
(E:\estate-agent-app\node_modules\jest-runner\build\testWorker.js:275:16)
          at runTest (E:\estate-agent-app\node_modules\jest-runner\build\testWorker.js:343:7)
          at Object.worker 
(E:\estate-agent-app\node_modules\jest-runner\build\testWorker.js:497:12)

    [0m [90m 51 |[39m     [36mreturn[39m[33m;[39m [90m// Suppress these expected 
react-widgets warnings in tests[39m
     [90m 52 |[39m   }
    [31m[1m>[22m[39m[90m 53 |[39m   originalError([33m...[39margs)[33m;[39m
     [90m    |[39m   [31m[1m^[22m[39m
     [90m 54 |[39m }[33m;[39m
     [90m 55 |[39m
     [90m 56 |[39m [90m// Reset mocks between tests[39m[0m

      at console.originalError [as error] (src/test/setupTests.js:53:3)
      at error (src/utils/securityUtils.js:140:13)
      at Object.<anonymous> (src/test/securityUtils.test.js:95:40)

  ÔùÅ Security Utils ÔÇ║ should prevent prototype pollution in object copy

    expect(received).toBeUndefined()

    Received: {}

    [0m [90m 72 |[39m
     [90m 73 |[39m     expect(safe[33m.[39mnormal)[33m.[39mtoBe([32m'value'[39m)[33m;[39m
    [31m[1m>[22m[39m[90m 74 |[39m     
expect(safe[33m.[39m__proto__)[33m.[39mtoBeUndefined()[33m;[39m
     [90m    |[39m                            [31m[1m^[22m[39m
     [90m 75 |[39m     expect(safe[33m.[39mconstructor)[33m.[39mtoBeUndefined()[33m;[39m
     [90m 76 |[39m   })[33m;[39m
     [90m 77 |[39m[0m

      at Object.toBeUndefined (src/test/securityUtils.test.js:74:28)

PASS src/test/SearchForm.test.jsx
  ÔùÅ Console

    console.error
      React does not recognize the `caseSensitive` prop on a DOM element. If you intentionally 
want it to appear in the DOM as a custom attribute, spell it as lowercase `casesensitive` instead. 
If you accidentally passed it from a parent component, remove it from the DOM element.

    [0m [90m 51 |[39m     [36mreturn[39m[33m;[39m [90m// Suppress these expected 
react-widgets warnings in tests[39m
     [90m 52 |[39m   }
    [31m[1m>[22m[39m[90m 53 |[39m   originalError([33m...[39margs)[33m;[39m
     [90m    |[39m   [31m[1m^[22m[39m
     [90m 54 |[39m }[33m;[39m
     [90m 55 |[39m
     [90m 56 |[39m [90m// Reset mocks between tests[39m[0m

      at console.originalError [as error] (src/test/setupTests.js:53:3)
      at validateProperty (node_modules/react-dom/cjs/react-dom-client.development.js:3001:19)
      at warnUnknownProperties (node_modules/react-dom/cjs/react-dom-client.development.js:3146:9)
      at validatePropertiesInDevelopment 
(node_modules/react-dom/cjs/react-dom-client.development.js:19868:9)
      at setInitialProperties (node_modules/react-dom/cjs/react-dom-client.development.js:20491:7)
      at completeWork (node_modules/react-dom/cjs/react-dom-client.development.js:12662:18)
      at runWithFiberInDEV (node_modules/react-dom/cjs/react-dom-client.development.js:874:13)
      at completeUnitOfWork (node_modules/react-dom/cjs/react-dom-client.development.js:17777:19)
      at performUnitOfWork (node_modules/react-dom/cjs/react-dom-client.development.js:17658:11)
      at workLoopSync (node_modules/react-dom/cjs/react-dom-client.development.js:17469:41)
      at renderRootSync (node_modules/react-dom/cjs/react-dom-client.development.js:17450:11)
      at performWorkOnRoot (node_modules/react-dom/cjs/react-dom-client.development.js:16504:11)
      at performWorkOnRootViaSchedulerTask 
(node_modules/react-dom/cjs/react-dom-client.development.js:18957:7)
      at flushActQueue (node_modules/react/cjs/react.development.js:590:34)
      at process.env.NODE_ENV.exports.act (node_modules/react/cjs/react.development.js:884:10)
      at node_modules/@testing-library/react/dist/act-compat.js:46:25
      at renderRoot (node_modules/@testing-library/react/dist/pure.js:189:26)
      at render (node_modules/@testing-library/react/dist/pure.js:291:10)
      at Object.<anonymous> (src/test/SearchForm.test.jsx:21:11)

    console.error
      React does not recognize the `allowCreate` prop on a DOM element. If you intentionally want 
it to appear in the DOM as a custom attribute, spell it as lowercase `allowcreate` instead. If you 
accidentally passed it from a parent component, remove it from the DOM element.

    [0m [90m 51 |[39m     [36mreturn[39m[33m;[39m [90m// Suppress these expected 
react-widgets warnings in tests[39m
     [90m 52 |[39m   }
    [31m[1m>[22m[39m[90m 53 |[39m   originalError([33m...[39margs)[33m;[39m
     [90m    |[39m   [31m[1m^[22m[39m
     [90m 54 |[39m }[33m;[39m
     [90m 55 |[39m
     [90m 56 |[39m [90m// Reset mocks between tests[39m[0m

      at console.originalError [as error] (src/test/setupTests.js:53:3)
      at validateProperty (node_modules/react-dom/cjs/react-dom-client.development.js:3001:19)
      at warnUnknownProperties (node_modules/react-dom/cjs/react-dom-client.development.js:3146:9)
      at validatePropertiesInDevelopment 
(node_modules/react-dom/cjs/react-dom-client.development.js:19868:9)
      at setInitialProperties (node_modules/react-dom/cjs/react-dom-client.development.js:20491:7)
      at completeWork (node_modules/react-dom/cjs/react-dom-client.development.js:12662:18)
      at runWithFiberInDEV (node_modules/react-dom/cjs/react-dom-client.development.js:874:13)
      at completeUnitOfWork (node_modules/react-dom/cjs/react-dom-client.development.js:17777:19)
      at performUnitOfWork (node_modules/react-dom/cjs/react-dom-client.development.js:17658:11)
      at workLoopSync (node_modules/react-dom/cjs/react-dom-client.development.js:17469:41)
      at renderRootSync (node_modules/react-dom/cjs/react-dom-client.development.js:17450:11)
      at performWorkOnRoot (node_modules/react-dom/cjs/react-dom-client.development.js:16504:11)
      at performWorkOnRootViaSchedulerTask 
(node_modules/react-dom/cjs/react-dom-client.development.js:18957:7)
      at flushActQueue (node_modules/react/cjs/react.development.js:590:34)
      at process.env.NODE_ENV.exports.act (node_modules/react/cjs/react.development.js:884:10)
      at node_modules/@testing-library/react/dist/act-compat.js:46:25
      at renderRoot (node_modules/@testing-library/react/dist/pure.js:189:26)
      at render (node_modules/@testing-library/react/dist/pure.js:291:10)
      at Object.<anonymous> (src/test/SearchForm.test.jsx:21:11)

PASS src/test/PropertyTabs.test.jsx

Test Suites: 1 failed, 4 passed, 5 total
Tests:       1 failed, 47 passed, 48 total
Snapshots:   0 total
Time:        2.196 s
Ran all test suites.
